AR ram3 syn C:/Users/xavi/Desktop/DAS/common/ram3.vhd sub00/vhpl17 1553435800
EN proyecto NULL C:/Users/xavi/Desktop/DAS/proyecto/proyecto.vhd sub00/vhpl18 1553435801
EN edgedetector NULL C:/Users/xavi/Desktop/DAS/common/edgedetector.vhd sub00/vhpl04 1553435787
PB common common C:/Users/xavi/Desktop/DAS/common/common.vhd sub00/vhpl01 1553435784
EN bin2segs NULL C:/Users/xavi/Desktop/DAS/common/bin2segs.vhd sub00/vhpl06 1553435789
AR ps2receiver syn C:/Users/xavi/Desktop/DAS/common/ps2receiver.vhd sub00/vhpl09 1553435792
AR bin2segs syn C:/Users/xavi/Desktop/DAS/common/bin2segs.vhd sub00/vhpl07 1553435790
EN ram1 NULL C:/Users/xavi/Desktop/DAS/common/ram1.vhd sub00/vhpl12 1553435795
AR synchronizer syn C:/Users/xavi/Desktop/DAS/common/synchronizer.vhd sub00/vhpl03 1553435786
EN ram2 NULL C:/Users/xavi/Desktop/DAS/common/ram2.vhd sub00/vhpl14 1553435797
EN ram3 NULL C:/Users/xavi/Desktop/DAS/common/ram3.vhd sub00/vhpl16 1553435799
EN ps2receiver NULL C:/Users/xavi/Desktop/DAS/common/ps2receiver.vhd sub00/vhpl08 1553435791
AR ram1 syn C:/Users/xavi/Desktop/DAS/common/ram1.vhd sub00/vhpl13 1553435796
PH common NULL C:/Users/xavi/Desktop/DAS/common/common.vhd sub00/vhpl00 1553435783
AR proyecto syn C:/Users/xavi/Desktop/DAS/proyecto/proyecto.vhd sub00/vhpl19 1553435802
EN synchronizer NULL C:/Users/xavi/Desktop/DAS/common/synchronizer.vhd sub00/vhpl02 1553435785
AR ram2 syn C:/Users/xavi/Desktop/DAS/common/ram2.vhd sub00/vhpl15 1553435798
EN vgainterface NULL C:/Users/xavi/Desktop/DAS/common/vgaInterface.vhd sub00/vhpl10 1553435793
AR vgainterface syn C:/Users/xavi/Desktop/DAS/common/vgaInterface.vhd sub00/vhpl11 1553435794
AR edgedetector syn C:/Users/xavi/Desktop/DAS/common/edgedetector.vhd sub00/vhpl05 1553435788
